16:28:06 **** Incremental Build of configuration Debug for project example1 ****
make -j8 all 
arm-none-eabi-gcc "../Src/main.c" -mcpu=cortex-m4 -std=gnu11 -g3 -DDEBUG -DNUCLEO_F411RE -DSTM32 -DSTM32F4 -DSTM32F411RETx -c -I../Inc -O0 -ffunction-sections -fdata-sections -Wall -fstack-usage -MMD -MP -MF"Src/main.d" -MT"Src/main.o" --specs=nano.specs -mfpu=fpv4-sp-d16 -mfloat-abi=hard -mthumb -o "Src/main.o"
../Src/main.c: In function 'main':
../Src/main.c:15:33: warning: initialization of 'GPIOx_MODER_t *' from 'int' makes pointer from integer without a cast [-Wint-conversion]
   15 |  GPIOx_MODER_t   *GPIOA_MODER = 0X40020000;
      |                                 ^~~~~~~~~~
arm-none-eabi-gcc -o "example1.elf" @"objects.list"   -mcpu=cortex-m4 -T"C:\Users\PANTECH\OneDrive\Desktop\day20-demo\Target\example1\STM32F411RETX_FLASH.ld" --specs=nosys.specs -Wl,-Map="example1.map" -Wl,--gc-sections -static --specs=nano.specs -mfpu=fpv4-sp-d16 -mfloat-abi=hard -mthumb -Wl,--start-group -lc -lm -Wl,--end-group
Finished building target: example1.elf
 
arm-none-eabi-size   example1.elf 
arm-none-eabi-objdump -h -S  example1.elf  > "example1.list"
   text	   data	    bss	    dec	    hex	filename
    916	      8	   1568	   2492	    9bc	example1.elf
Finished building: default.size.stdout
 
Finished building: example1.list
 
16:28:14 **** Incremental Build of configuration Debug for project example1 ****
make -j8 all 
arm-none-eabi-size   example1.elf 
   text	   data	    bss	    dec	    hex	filename
    916	      8	   1568	   2492	    9bc	example1.elf
Finished building: default.size.stdout
 
