12:08:52 **** Incremental Build of configuration Debug for project EXAMPLE2 ****
make -j8 all 
arm-none-eabi-gcc "../Src/main.c" -mcpu=cortex-m4 -std=gnu11 -g3 -DDEBUG -DNUCLEO_F411RE -DSTM32 -DSTM32F4 -DSTM32F411RETx -c -I../Inc -O3 -ffunction-sections -fdata-sections -Wall -fstack-usage -MMD -MP -MF"Src/main.d" -MT"Src/main.o" --specs=nano.specs -mfpu=fpv4-sp-d16 -mfloat-abi=hard -mthumb -o "Src/main.o"
arm-none-eabi-gcc "../Src/syscalls.c" -mcpu=cortex-m4 -std=gnu11 -g3 -DDEBUG -DNUCLEO_F411RE -DSTM32 -DSTM32F4 -DSTM32F411RETx -c -I../Inc -O3 -ffunction-sections -fdata-sections -Wall -fstack-usage -MMD -MP -MF"Src/syscalls.d" -MT"Src/syscalls.o" --specs=nano.specs -mfpu=fpv4-sp-d16 -mfloat-abi=hard -mthumb -o "Src/syscalls.o"
arm-none-eabi-gcc "../Src/sysmem.c" -mcpu=cortex-m4 -std=gnu11 -g3 -DDEBUG -DNUCLEO_F411RE -DSTM32 -DSTM32F4 -DSTM32F411RETx -c -I../Inc -O3 -ffunction-sections -fdata-sections -Wall -fstack-usage -MMD -MP -MF"Src/sysmem.d" -MT"Src/sysmem.o" --specs=nano.specs -mfpu=fpv4-sp-d16 -mfloat-abi=hard -mthumb -o "Src/sysmem.o"
../Src/main.c:6:4: warning: #warning "FPU is not initialized, but the project is compiling for an FPU. Please initialize the FPU before use." [-Wcpp]
    6 |   #warning "FPU is not initialized, but the project is compiling for an FPU. Please initialize the FPU before use."
      |    ^~~~~~~
../Src/main.c: In function 'main':
../Src/main.c:12:18: warning: variable 'data2' set but not used [-Wunused-but-set-variable]
   12 | uint8_t volatile data2;
      |                  ^~~~~
arm-none-eabi-gcc -o "EXAMPLE2.elf" @"objects.list"   -mcpu=cortex-m4 -T"C:\Users\PANTECH\OneDrive\Desktop\DAY15\EXAMPLE2\STM32F411RETX_FLASH.ld" --specs=nosys.specs -Wl,-Map="EXAMPLE2.map" -Wl,--gc-sections -static --specs=nano.specs -mfpu=fpv4-sp-d16 -mfloat-abi=hard -mthumb -Wl,--start-group -lc -lm -Wl,--end-group
Finished building target: EXAMPLE2.elf
 
arm-none-eabi-size   EXAMPLE2.elf 
arm-none-eabi-objdump -h -S  EXAMPLE2.elf  > "EXAMPLE2.list"
   text	   data	    bss	    dec	    hex	filename
    688	      8	   1568	   2264	    8d8	EXAMPLE2.elf
Finished building: default.size.stdout
 
Finished building: EXAMPLE2.list
 
12:09:07 **** Incremental Build of configuration Debug for project EXAMPLE2 ****
make -j8 all 
arm-none-eabi-size   EXAMPLE2.elf 
   text	   data	    bss	    dec	    hex	filename
    688	      8	   1568	   2264	    8d8	EXAMPLE2.elf
Finished building: default.size.stdout
 
