16:31:48 **** Incremental Build of configuration Debug for project demo2 ****
make -j8 all 
arm-none-eabi-gcc "../Inc/main.c" -mcpu=cortex-m4 -std=gnu11 -g3 -DDEBUG -DNUCLEO_F411RE -DSTM32 -DSTM32F4 -DSTM32F411RETx -c -I../Inc -O0 -ffunction-sections -fdata-sections -Wall -fstack-usage -MMD -MP -MF"Inc/main.d" -MT"Inc/main.o" --specs=nano.specs -mfloat-abi=soft -mthumb -o "Inc/main.o"
arm-none-eabi-gcc -o "demo2.elf" @"objects.list"   -mcpu=cortex-m4 -T"C:\Users\PANTECH\OneDrive\Desktop\DAY11\HOST\demo2\STM32F411RETX_FLASH.ld" --specs=nosys.specs -Wl,-Map="demo2.map" -Wl,--gc-sections -static --specs=nano.specs -mfloat-abi=soft -mthumb -Wl,--start-group -lc -lm -Wl,--end-group
Finished building target: demo2.elf
 
arm-none-eabi-size   demo2.elf 
arm-none-eabi-objdump -h -S  demo2.elf  > "demo2.list"
   text	   data	    bss	    dec	    hex	filename
   5356	    108	   1596	   7060	   1b94	demo2.elf
Finished building: default.size.stdout
 
Finished building: demo2.list
 

16:31:49 Build Finished. 0 errors, 0 warnings. (took 627ms)

