18:41:30 **** Incremental Build of configuration Debug for project EXAMPLE2 ****
make -j8 all 
arm-none-eabi-gcc "../Src/main.c" -mcpu=cortex-m4 -std=gnu11 -g3 -DDEBUG -DNUCLEO_F411RE -DSTM32 -DSTM32F4 -DSTM32F411RETx -c -I../Inc -O0 -ffunction-sections -fdata-sections -Wall -fstack-usage -MMD -MP -MF"Src/main.d" -MT"Src/main.o" --specs=nano.specs -mfpu=fpv4-sp-d16 -mfloat-abi=hard -mthumb -o "Src/main.o"
arm-none-eabi-gcc -o "EXAMPLE2.elf" @"objects.list"   -mcpu=cortex-m4 -T"C:\Users\PANTECH\OneDrive\Desktop\DAY12-DEMO\Target\EXAMPLE2\STM32F411RETX_FLASH.ld" --specs=nosys.specs -Wl,-Map="EXAMPLE2.map" -Wl,--gc-sections -static --specs=nano.specs -mfpu=fpv4-sp-d16 -mfloat-abi=hard -mthumb -Wl,--start-group -lc -lm -Wl,--end-group
Finished building target: EXAMPLE2.elf
 
arm-none-eabi-size   EXAMPLE2.elf 
arm-none-eabi-objdump -h -S  EXAMPLE2.elf  > "EXAMPLE2.list"
   text	   data	    bss	    dec	    hex	filename
   5420	    108	   1588	   7116	   1bcc	EXAMPLE2.elf
Finished building: default.size.stdout
 
Finished building: EXAMPLE2.list
 

18:41:31 Build Finished. 0 errors, 0 warnings. (took 810ms)

