13:56:31 **** Incremental Build of configuration Debug for project example2 ****
make -j8 all 
arm-none-eabi-gcc "../Src/main.c" -mcpu=cortex-m4 -std=gnu11 -g3 -DDEBUG -DNUCLEO_F411RE -DSTM32 -DSTM32F4 -DSTM32F411RETx -c -I../Inc -O0 -ffunction-sections -fdata-sections -Wall -fstack-usage -MMD -MP -MF"Src/main.d" -MT"Src/main.o" --specs=nano.specs -mfloat-abi=soft -mthumb -o "Src/main.o"
../Src/main.c: In function 'main':
../Src/main.c:34:10: warning: assignment discards 'const' qualifier from pointer target type [-Wdiscarded-qualifiers]
   34 |   ptrData=&data;
      |          ^
arm-none-eabi-gcc -o "example2.elf" @"objects.list"   -mcpu=cortex-m4 -T"C:\Users\PANTECH\OneDrive\Desktop\DAY15\host\example2\STM32F411RETX_FLASH.ld" --specs=nosys.specs -Wl,-Map="example2.map" -Wl,--gc-sections -static --specs=nano.specs -mfloat-abi=soft -mthumb -Wl,--start-group -lc -lm -Wl,--end-group
Finished building target: example2.elf
 
arm-none-eabi-size   example2.elf 
arm-none-eabi-objdump -h -S  example2.elf  > "example2.list"
   text	   data	    bss	    dec	    hex	filename
   5296	    108	   1588	   6992	   1b50	example2.elf
Finished building: default.size.stdout
 
Finished building: example2.list
 

13:56:32 Build Finished. 0 errors, 1 warnings. (took 872ms)

