14:02:25 **** Incremental Build of configuration Debug for project example3 ****
make -j8 all 
arm-none-eabi-gcc "../Src/main.c" -mcpu=cortex-m4 -std=gnu11 -g3 -DDEBUG -DNUCLEO_F411RE -DSTM32 -DSTM32F4 -DSTM32F411RETx -c -I../Inc -O3 -ffunction-sections -fdata-sections -Wall -fstack-usage -MMD -MP -MF"Src/main.d" -MT"Src/main.o" --specs=nano.specs -mfpu=fpv4-sp-d16 -mfloat-abi=hard -mthumb -o "Src/main.o"
arm-none-eabi-gcc "../Src/syscalls.c" -mcpu=cortex-m4 -std=gnu11 -g3 -DDEBUG -DNUCLEO_F411RE -DSTM32 -DSTM32F4 -DSTM32F411RETx -c -I../Inc -O3 -ffunction-sections -fdata-sections -Wall -fstack-usage -MMD -MP -MF"Src/syscalls.d" -MT"Src/syscalls.o" --specs=nano.specs -mfpu=fpv4-sp-d16 -mfloat-abi=hard -mthumb -o "Src/syscalls.o"
arm-none-eabi-gcc "../Src/sysmem.c" -mcpu=cortex-m4 -std=gnu11 -g3 -DDEBUG -DNUCLEO_F411RE -DSTM32 -DSTM32F4 -DSTM32F411RETx -c -I../Inc -O3 -ffunction-sections -fdata-sections -Wall -fstack-usage -MMD -MP -MF"Src/sysmem.d" -MT"Src/sysmem.o" --specs=nano.specs -mfpu=fpv4-sp-d16 -mfloat-abi=hard -mthumb -o "Src/sysmem.o"
../Src/main.c:22:4: warning: #warning "FPU is not initialized, but the project is compiling for an FPU. Please initialize the FPU before use." [-Wcpp]
   22 |   #warning "FPU is not initialized, but the project is compiling for an FPU. Please initialize the FPU before use."
      |    ^~~~~~~
../Src/main.c: In function 'main':
../Src/main.c:29:19: warning: variable 'data2' set but not used [-Wunused-but-set-variable]
   29 |  uint8_t volatile data2;
      |                   ^~~~~
arm-none-eabi-gcc -o "example3.elf" @"objects.list"   -mcpu=cortex-m4 -T"C:\Users\PANTECH\OneDrive\Desktop\DAY15\host\example3\STM32F411RETX_FLASH.ld" --specs=nosys.specs -Wl,-Map="example3.map" -Wl,--gc-sections -static --specs=nano.specs -mfpu=fpv4-sp-d16 -mfloat-abi=hard -mthumb -Wl,--start-group -lc -lm -Wl,--end-group
Finished building target: example3.elf
 
arm-none-eabi-size   example3.elf 
arm-none-eabi-objdump -h -S  example3.elf  > "example3.list"
   text	   data	    bss	    dec	    hex	filename
    684	      8	   1568	   2260	    8d4	example3.elf
Finished building: default.size.stdout
 
Finished building: example3.list
 
14:02:41 **** Incremental Build of configuration Debug for project example3 ****
make -j8 all 
arm-none-eabi-size   example3.elf 
   text	   data	    bss	    dec	    hex	filename
    684	      8	   1568	   2260	    8d4	example3.elf
Finished building: default.size.stdout
 
