12:02:27 **** Incremental Build of configuration Debug for project LED1 ****
make -j8 all 
arm-none-eabi-gcc "../Src/main.c" -mcpu=cortex-m4 -std=gnu11 -g3 -DDEBUG -DNUCLEO_F411RE -DSTM32 -DSTM32F4 -DSTM32F411RETx -c -I../Inc -I"C:/Users/PANTECH/OneDrive/Desktop/day16-demo/Host/LED1/Drivers/Inc" -O0 -ffunction-sections -fdata-sections -Wall -fstack-usage -MMD -MP -MF"Src/main.d" -MT"Src/main.o" --specs=nano.specs -mfpu=fpv4-sp-d16 -mfloat-abi=hard -mthumb -o "Src/main.o"
arm-none-eabi-gcc -o "LED1.elf" @"objects.list"   -mcpu=cortex-m4 -T"C:\Users\PANTECH\OneDrive\Desktop\day16-demo\Host\LED1\STM32F411RETX_FLASH.ld" --specs=nosys.specs -Wl,-Map="LED1.map" -Wl,--gc-sections -static --specs=nano.specs -mfpu=fpv4-sp-d16 -mfloat-abi=hard -mthumb -Wl,--start-group -lc -lm -Wl,--end-group
Finished building target: LED1.elf
 
arm-none-eabi-size   LED1.elf 
arm-none-eabi-objdump -h -S  LED1.elf  > "LED1.list"
   text	   data	    bss	    dec	    hex	filename
    660	      8	   1568	   2236	    8bc	LED1.elf
Finished building: default.size.stdout
 
Finished building: LED1.list
 

12:02:28 Build Finished. 0 errors, 0 warnings. (took 857ms)

