19:06:12 **** Incremental Build of configuration Debug for project LEDBLINKING ****
make -j8 all 
arm-none-eabi-size   LEDBLINKING.elf 
   text	   data	    bss	    dec	    hex	filename
    732	      8	   1568	   2308	    904	LEDBLINKING.elf
Finished building: default.size.stdout
 
19:06:35 **** Incremental Build of configuration Debug for project LEDBLINKING ****
make -j8 all 
arm-none-eabi-size   LEDBLINKING.elf 
   text	   data	    bss	    dec	    hex	filename
    732	      8	   1568	   2308	    904	LEDBLINKING.elf
Finished building: default.size.stdout
 
19:08:07 **** Incremental Build of configuration Debug for project LEDBLINKING ****
make -j8 all 
arm-none-eabi-size   LEDBLINKING.elf 
   text	   data	    bss	    dec	    hex	filename
    732	      8	   1568	   2308	    904	LEDBLINKING.elf
Finished building: default.size.stdout
 
